// Jest Snapshot v1, https://goo.gl/fbAQLP

exports[`renders correctly with default props 1`] = `
<View>
  <View>
    <View
      accessible={true}
      collapsable={false}
      focusable={true}
      onClick={[Function]}
      onResponderGrant={[Function]}
      onResponderMove={[Function]}
      onResponderRelease={[Function]}
      onResponderTerminate={[Function]}
      onResponderTerminationRequest={[Function]}
      onStartShouldSetResponder={[Function]}
      style={
        Object {
          "alignItems": "center",
          "backgroundColor": "transparent",
          "flex": 1,
          "flexDirection": "row",
          "justifyContent": "space-between",
          "marginBottom": 0,
          "marginLeft": 0,
          "marginRight": 0,
          "marginTop": 0,
          "minHeight": 26,
          "opacity": 1,
          "paddingVertical": 12,
        }
      }
    >
      <Text
        style={
          Array [
            Object {
              "fontFamily": "Mulish-Bold",
              "fontSize": 19.65714285714286,
              "fontWeight": "bold",
            },
            Object {
              "color": "#231F20",
            },
            Object {
              "textAlign": "left",
            },
            Object {
              "flex": 0.95,
            },
          ]
        }
        theme={
          Object {
            "colors": Object {
              "background": "#FFF",
              "backgroundLayout": "rgba(0, 0, 0, 0.8)",
              "black": "#000",
              "error": "#B00020",
              "greyOpac10": "rgba(53, 53, 53, 0.1)",
              "greyOpac50": "rgba(53, 53, 53, 0.5)",
              "lightgrey": "#D7D7D7",
              "linkColor": "#0000EE",
              "primary": "#FAD000",
              "primaryVariant": "#3700B3",
              "secondary": "#03DAC6",
              "secondaryVariant": "#018786",
              "shadowColor": "#222",
              "textColor": "#000",
              "transparent": "transparent",
              "white": "#FFF",
            },
            "dark": false,
          }
        }
      >
        Lorem ipsum dolor sit amet
      </Text>
      <SvgMock
        height={20}
        name="downarrow"
        width={20}
      />
    </View>
    <View
      style={
        Object {
          "backgroundColor": "rgba(53, 53, 53, 0.2)",
          "height": 1,
        }
      }
    />
  </View>
  <View>
    <View
      accessible={true}
      collapsable={false}
      focusable={true}
      onClick={[Function]}
      onResponderGrant={[Function]}
      onResponderMove={[Function]}
      onResponderRelease={[Function]}
      onResponderTerminate={[Function]}
      onResponderTerminationRequest={[Function]}
      onStartShouldSetResponder={[Function]}
      style={
        Object {
          "alignItems": "center",
          "backgroundColor": "transparent",
          "flex": 1,
          "flexDirection": "row",
          "justifyContent": "space-between",
          "marginBottom": 0,
          "marginLeft": 0,
          "marginRight": 0,
          "marginTop": 0,
          "minHeight": 26,
          "opacity": 1,
          "paddingVertical": 12,
        }
      }
    >
      <Text
        style={
          Array [
            Object {
              "fontFamily": "Mulish-Bold",
              "fontSize": 19.65714285714286,
              "fontWeight": "bold",
            },
            Object {
              "color": "#231F20",
            },
            Object {
              "textAlign": "left",
            },
            Object {
              "flex": 0.95,
            },
          ]
        }
        theme={
          Object {
            "colors": Object {
              "background": "#FFF",
              "backgroundLayout": "rgba(0, 0, 0, 0.8)",
              "black": "#000",
              "error": "#B00020",
              "greyOpac10": "rgba(53, 53, 53, 0.1)",
              "greyOpac50": "rgba(53, 53, 53, 0.5)",
              "lightgrey": "#D7D7D7",
              "linkColor": "#0000EE",
              "primary": "#FAD000",
              "primaryVariant": "#3700B3",
              "secondary": "#03DAC6",
              "secondaryVariant": "#018786",
              "shadowColor": "#222",
              "textColor": "#000",
              "transparent": "transparent",
              "white": "#FFF",
            },
            "dark": false,
          }
        }
      >
        Sed do eiusmod tempor incididunt ut labore
      </Text>
      <SvgMock
        height={20}
        name="downarrow"
        width={20}
      />
    </View>
    <View
      style={
        Object {
          "backgroundColor": "rgba(53, 53, 53, 0.2)",
          "height": 1,
        }
      }
    />
  </View>
  <View>
    <View
      accessible={true}
      collapsable={false}
      focusable={true}
      onClick={[Function]}
      onResponderGrant={[Function]}
      onResponderMove={[Function]}
      onResponderRelease={[Function]}
      onResponderTerminate={[Function]}
      onResponderTerminationRequest={[Function]}
      onStartShouldSetResponder={[Function]}
      style={
        Object {
          "alignItems": "center",
          "backgroundColor": "transparent",
          "flex": 1,
          "flexDirection": "row",
          "justifyContent": "space-between",
          "marginBottom": 0,
          "marginLeft": 0,
          "marginRight": 0,
          "marginTop": 0,
          "minHeight": 26,
          "opacity": 1,
          "paddingVertical": 12,
        }
      }
    >
      <Text
        style={
          Array [
            Object {
              "fontFamily": "Mulish-Bold",
              "fontSize": 19.65714285714286,
              "fontWeight": "bold",
            },
            Object {
              "color": "#231F20",
            },
            Object {
              "textAlign": "left",
            },
            Object {
              "flex": 0.95,
            },
          ]
        }
        theme={
          Object {
            "colors": Object {
              "background": "#FFF",
              "backgroundLayout": "rgba(0, 0, 0, 0.8)",
              "black": "#000",
              "error": "#B00020",
              "greyOpac10": "rgba(53, 53, 53, 0.1)",
              "greyOpac50": "rgba(53, 53, 53, 0.5)",
              "lightgrey": "#D7D7D7",
              "linkColor": "#0000EE",
              "primary": "#FAD000",
              "primaryVariant": "#3700B3",
              "secondary": "#03DAC6",
              "secondaryVariant": "#018786",
              "shadowColor": "#222",
              "textColor": "#000",
              "transparent": "transparent",
              "white": "#FFF",
            },
            "dark": false,
          }
        }
      >
        Lorem enim ad minim veniam
      </Text>
      <SvgMock
        height={20}
        name="downarrow"
        width={20}
      />
    </View>
    <View
      style={
        Object {
          "backgroundColor": "rgba(53, 53, 53, 0.2)",
          "height": 1,
        }
      }
    />
  </View>
</View>
`;
