// Jest Snapshot v1, https://goo.gl/fbAQLP

exports[`renders correctly default prop 1`] = `
<View
  style={
    Object {
      "alignItems": "center",
      "flexDirection": "row",
      "justifyContent": "center",
      "margin": 12.285714285714285,
    }
  }
>
  <View>
    <SvgMock
      height={40}
      name="emptystar"
      width={40}
    />
    <View
      style={
        Object {
          "flex": 1,
          "flexDirection": "row",
          "position": "absolute",
        }
      }
    >
      <View
        accessible={true}
        collapsable={false}
        focusable={true}
        onClick={[Function]}
        onResponderGrant={[Function]}
        onResponderMove={[Function]}
        onResponderRelease={[Function]}
        onResponderTerminate={[Function]}
        onResponderTerminationRequest={[Function]}
        onStartShouldSetResponder={[Function]}
        style={
          Object {
            "height": 49.14285714285714,
            "opacity": 1,
            "width": 24.57142857142857,
          }
        }
      />
      <View
        accessible={true}
        collapsable={false}
        focusable={true}
        onClick={[Function]}
        onResponderGrant={[Function]}
        onResponderMove={[Function]}
        onResponderRelease={[Function]}
        onResponderTerminate={[Function]}
        onResponderTerminationRequest={[Function]}
        onStartShouldSetResponder={[Function]}
        style={
          Object {
            "height": 49.14285714285714,
            "opacity": 1,
            "width": 24.57142857142857,
          }
        }
      />
    </View>
  </View>
  <View>
    <SvgMock
      height={40}
      name="emptystar"
      width={40}
    />
    <View
      style={
        Object {
          "flex": 1,
          "flexDirection": "row",
          "position": "absolute",
        }
      }
    >
      <View
        accessible={true}
        collapsable={false}
        focusable={true}
        onClick={[Function]}
        onResponderGrant={[Function]}
        onResponderMove={[Function]}
        onResponderRelease={[Function]}
        onResponderTerminate={[Function]}
        onResponderTerminationRequest={[Function]}
        onStartShouldSetResponder={[Function]}
        style={
          Object {
            "height": 49.14285714285714,
            "opacity": 1,
            "width": 24.57142857142857,
          }
        }
      />
      <View
        accessible={true}
        collapsable={false}
        focusable={true}
        onClick={[Function]}
        onResponderGrant={[Function]}
        onResponderMove={[Function]}
        onResponderRelease={[Function]}
        onResponderTerminate={[Function]}
        onResponderTerminationRequest={[Function]}
        onStartShouldSetResponder={[Function]}
        style={
          Object {
            "height": 49.14285714285714,
            "opacity": 1,
            "width": 24.57142857142857,
          }
        }
      />
    </View>
  </View>
  <View>
    <SvgMock
      height={40}
      name="emptystar"
      width={40}
    />
    <View
      style={
        Object {
          "flex": 1,
          "flexDirection": "row",
          "position": "absolute",
        }
      }
    >
      <View
        accessible={true}
        collapsable={false}
        focusable={true}
        onClick={[Function]}
        onResponderGrant={[Function]}
        onResponderMove={[Function]}
        onResponderRelease={[Function]}
        onResponderTerminate={[Function]}
        onResponderTerminationRequest={[Function]}
        onStartShouldSetResponder={[Function]}
        style={
          Object {
            "height": 49.14285714285714,
            "opacity": 1,
            "width": 24.57142857142857,
          }
        }
      />
      <View
        accessible={true}
        collapsable={false}
        focusable={true}
        onClick={[Function]}
        onResponderGrant={[Function]}
        onResponderMove={[Function]}
        onResponderRelease={[Function]}
        onResponderTerminate={[Function]}
        onResponderTerminationRequest={[Function]}
        onStartShouldSetResponder={[Function]}
        style={
          Object {
            "height": 49.14285714285714,
            "opacity": 1,
            "width": 24.57142857142857,
          }
        }
      />
    </View>
  </View>
  <View>
    <SvgMock
      height={40}
      name="emptystar"
      width={40}
    />
    <View
      style={
        Object {
          "flex": 1,
          "flexDirection": "row",
          "position": "absolute",
        }
      }
    >
      <View
        accessible={true}
        collapsable={false}
        focusable={true}
        onClick={[Function]}
        onResponderGrant={[Function]}
        onResponderMove={[Function]}
        onResponderRelease={[Function]}
        onResponderTerminate={[Function]}
        onResponderTerminationRequest={[Function]}
        onStartShouldSetResponder={[Function]}
        style={
          Object {
            "height": 49.14285714285714,
            "opacity": 1,
            "width": 24.57142857142857,
          }
        }
      />
      <View
        accessible={true}
        collapsable={false}
        focusable={true}
        onClick={[Function]}
        onResponderGrant={[Function]}
        onResponderMove={[Function]}
        onResponderRelease={[Function]}
        onResponderTerminate={[Function]}
        onResponderTerminationRequest={[Function]}
        onStartShouldSetResponder={[Function]}
        style={
          Object {
            "height": 49.14285714285714,
            "opacity": 1,
            "width": 24.57142857142857,
          }
        }
      />
    </View>
  </View>
  <View>
    <SvgMock
      height={40}
      name="emptystar"
      width={40}
    />
    <View
      style={
        Object {
          "flex": 1,
          "flexDirection": "row",
          "position": "absolute",
        }
      }
    >
      <View
        accessible={true}
        collapsable={false}
        focusable={true}
        onClick={[Function]}
        onResponderGrant={[Function]}
        onResponderMove={[Function]}
        onResponderRelease={[Function]}
        onResponderTerminate={[Function]}
        onResponderTerminationRequest={[Function]}
        onStartShouldSetResponder={[Function]}
        style={
          Object {
            "height": 49.14285714285714,
            "opacity": 1,
            "width": 24.57142857142857,
          }
        }
      />
      <View
        accessible={true}
        collapsable={false}
        focusable={true}
        onClick={[Function]}
        onResponderGrant={[Function]}
        onResponderMove={[Function]}
        onResponderRelease={[Function]}
        onResponderTerminate={[Function]}
        onResponderTerminationRequest={[Function]}
        onStartShouldSetResponder={[Function]}
        style={
          Object {
            "height": 49.14285714285714,
            "opacity": 1,
            "width": 24.57142857142857,
          }
        }
      />
    </View>
  </View>
  <Text
    style={
      Array [
        Object {
          "fontFamily": "Mulish-Regular",
          "fontSize": 24.57142857142857,
          "fontWeight": "normal",
        },
        Object {
          "color": "#231F20",
        },
        Object {
          "textAlign": "left",
        },
        Object {
          "margin": 12.285714285714285,
          "textAlign": "left",
        },
      ]
    }
  >
    0 / 5
  </Text>
</View>
`;

exports[`renders correctly with defaultRating with fraction value  1`] = `
<View
  style={
    Object {
      "alignItems": "center",
      "flexDirection": "row",
      "justifyContent": "center",
      "margin": 12.285714285714285,
    }
  }
>
  <View>
    <SvgMock
      height={40}
      name="fullstar"
      width={40}
    />
    <View
      style={
        Object {
          "flex": 1,
          "flexDirection": "row",
          "position": "absolute",
        }
      }
    >
      <View
        accessible={true}
        collapsable={false}
        focusable={true}
        onClick={[Function]}
        onResponderGrant={[Function]}
        onResponderMove={[Function]}
        onResponderRelease={[Function]}
        onResponderTerminate={[Function]}
        onResponderTerminationRequest={[Function]}
        onStartShouldSetResponder={[Function]}
        style={
          Object {
            "height": 49.14285714285714,
            "opacity": 1,
            "width": 24.57142857142857,
          }
        }
      />
      <View
        accessible={true}
        collapsable={false}
        focusable={true}
        onClick={[Function]}
        onResponderGrant={[Function]}
        onResponderMove={[Function]}
        onResponderRelease={[Function]}
        onResponderTerminate={[Function]}
        onResponderTerminationRequest={[Function]}
        onStartShouldSetResponder={[Function]}
        style={
          Object {
            "height": 49.14285714285714,
            "opacity": 1,
            "width": 24.57142857142857,
          }
        }
      />
    </View>
  </View>
  <View>
    <SvgMock
      height={40}
      name="fullstar"
      width={40}
    />
    <View
      style={
        Object {
          "flex": 1,
          "flexDirection": "row",
          "position": "absolute",
        }
      }
    >
      <View
        accessible={true}
        collapsable={false}
        focusable={true}
        onClick={[Function]}
        onResponderGrant={[Function]}
        onResponderMove={[Function]}
        onResponderRelease={[Function]}
        onResponderTerminate={[Function]}
        onResponderTerminationRequest={[Function]}
        onStartShouldSetResponder={[Function]}
        style={
          Object {
            "height": 49.14285714285714,
            "opacity": 1,
            "width": 24.57142857142857,
          }
        }
      />
      <View
        accessible={true}
        collapsable={false}
        focusable={true}
        onClick={[Function]}
        onResponderGrant={[Function]}
        onResponderMove={[Function]}
        onResponderRelease={[Function]}
        onResponderTerminate={[Function]}
        onResponderTerminationRequest={[Function]}
        onStartShouldSetResponder={[Function]}
        style={
          Object {
            "height": 49.14285714285714,
            "opacity": 1,
            "width": 24.57142857142857,
          }
        }
      />
    </View>
  </View>
  <View>
    <SvgMock
      height={40}
      name="halfstar"
      width={40}
    />
    <View
      style={
        Object {
          "flex": 1,
          "flexDirection": "row",
          "position": "absolute",
        }
      }
    >
      <View
        accessible={true}
        collapsable={false}
        focusable={true}
        onClick={[Function]}
        onResponderGrant={[Function]}
        onResponderMove={[Function]}
        onResponderRelease={[Function]}
        onResponderTerminate={[Function]}
        onResponderTerminationRequest={[Function]}
        onStartShouldSetResponder={[Function]}
        style={
          Object {
            "height": 49.14285714285714,
            "opacity": 1,
            "width": 24.57142857142857,
          }
        }
      />
      <View
        accessible={true}
        collapsable={false}
        focusable={true}
        onClick={[Function]}
        onResponderGrant={[Function]}
        onResponderMove={[Function]}
        onResponderRelease={[Function]}
        onResponderTerminate={[Function]}
        onResponderTerminationRequest={[Function]}
        onStartShouldSetResponder={[Function]}
        style={
          Object {
            "height": 49.14285714285714,
            "opacity": 1,
            "width": 24.57142857142857,
          }
        }
      />
    </View>
  </View>
  <View>
    <SvgMock
      height={40}
      name="emptystar"
      width={40}
    />
    <View
      style={
        Object {
          "flex": 1,
          "flexDirection": "row",
          "position": "absolute",
        }
      }
    >
      <View
        accessible={true}
        collapsable={false}
        focusable={true}
        onClick={[Function]}
        onResponderGrant={[Function]}
        onResponderMove={[Function]}
        onResponderRelease={[Function]}
        onResponderTerminate={[Function]}
        onResponderTerminationRequest={[Function]}
        onStartShouldSetResponder={[Function]}
        style={
          Object {
            "height": 49.14285714285714,
            "opacity": 1,
            "width": 24.57142857142857,
          }
        }
      />
      <View
        accessible={true}
        collapsable={false}
        focusable={true}
        onClick={[Function]}
        onResponderGrant={[Function]}
        onResponderMove={[Function]}
        onResponderRelease={[Function]}
        onResponderTerminate={[Function]}
        onResponderTerminationRequest={[Function]}
        onStartShouldSetResponder={[Function]}
        style={
          Object {
            "height": 49.14285714285714,
            "opacity": 1,
            "width": 24.57142857142857,
          }
        }
      />
    </View>
  </View>
  <View>
    <SvgMock
      height={40}
      name="emptystar"
      width={40}
    />
    <View
      style={
        Object {
          "flex": 1,
          "flexDirection": "row",
          "position": "absolute",
        }
      }
    >
      <View
        accessible={true}
        collapsable={false}
        focusable={true}
        onClick={[Function]}
        onResponderGrant={[Function]}
        onResponderMove={[Function]}
        onResponderRelease={[Function]}
        onResponderTerminate={[Function]}
        onResponderTerminationRequest={[Function]}
        onStartShouldSetResponder={[Function]}
        style={
          Object {
            "height": 49.14285714285714,
            "opacity": 1,
            "width": 24.57142857142857,
          }
        }
      />
      <View
        accessible={true}
        collapsable={false}
        focusable={true}
        onClick={[Function]}
        onResponderGrant={[Function]}
        onResponderMove={[Function]}
        onResponderRelease={[Function]}
        onResponderTerminate={[Function]}
        onResponderTerminationRequest={[Function]}
        onStartShouldSetResponder={[Function]}
        style={
          Object {
            "height": 49.14285714285714,
            "opacity": 1,
            "width": 24.57142857142857,
          }
        }
      />
    </View>
  </View>
  <Text
    style={
      Array [
        Object {
          "fontFamily": "Mulish-Regular",
          "fontSize": 24.57142857142857,
          "fontWeight": "normal",
        },
        Object {
          "color": "#231F20",
        },
        Object {
          "textAlign": "left",
        },
        Object {
          "margin": 12.285714285714285,
          "textAlign": "left",
        },
      ]
    }
  >
    2.5 / 5
  </Text>
</View>
`;

exports[`renders correctly with defaultRating with fraction value & height & width & maxStar Prop  1`] = `
<View
  style={
    Object {
      "alignItems": "center",
      "flexDirection": "row",
      "justifyContent": "center",
      "margin": 12.285714285714285,
    }
  }
>
  <View>
    <SvgMock
      height={40}
      name="fullstar"
      width={40}
    />
    <View
      style={
        Object {
          "flex": 1,
          "flexDirection": "row",
          "position": "absolute",
        }
      }
    >
      <View
        accessible={true}
        collapsable={false}
        focusable={true}
        onClick={[Function]}
        onResponderGrant={[Function]}
        onResponderMove={[Function]}
        onResponderRelease={[Function]}
        onResponderTerminate={[Function]}
        onResponderTerminationRequest={[Function]}
        onStartShouldSetResponder={[Function]}
        style={
          Object {
            "height": 49.14285714285714,
            "opacity": 1,
            "width": 24.57142857142857,
          }
        }
      />
      <View
        accessible={true}
        collapsable={false}
        focusable={true}
        onClick={[Function]}
        onResponderGrant={[Function]}
        onResponderMove={[Function]}
        onResponderRelease={[Function]}
        onResponderTerminate={[Function]}
        onResponderTerminationRequest={[Function]}
        onStartShouldSetResponder={[Function]}
        style={
          Object {
            "height": 49.14285714285714,
            "opacity": 1,
            "width": 24.57142857142857,
          }
        }
      />
    </View>
  </View>
  <View>
    <SvgMock
      height={40}
      name="fullstar"
      width={40}
    />
    <View
      style={
        Object {
          "flex": 1,
          "flexDirection": "row",
          "position": "absolute",
        }
      }
    >
      <View
        accessible={true}
        collapsable={false}
        focusable={true}
        onClick={[Function]}
        onResponderGrant={[Function]}
        onResponderMove={[Function]}
        onResponderRelease={[Function]}
        onResponderTerminate={[Function]}
        onResponderTerminationRequest={[Function]}
        onStartShouldSetResponder={[Function]}
        style={
          Object {
            "height": 49.14285714285714,
            "opacity": 1,
            "width": 24.57142857142857,
          }
        }
      />
      <View
        accessible={true}
        collapsable={false}
        focusable={true}
        onClick={[Function]}
        onResponderGrant={[Function]}
        onResponderMove={[Function]}
        onResponderRelease={[Function]}
        onResponderTerminate={[Function]}
        onResponderTerminationRequest={[Function]}
        onStartShouldSetResponder={[Function]}
        style={
          Object {
            "height": 49.14285714285714,
            "opacity": 1,
            "width": 24.57142857142857,
          }
        }
      />
    </View>
  </View>
  <View>
    <SvgMock
      height={40}
      name="emptystar"
      width={40}
    />
    <View
      style={
        Object {
          "flex": 1,
          "flexDirection": "row",
          "position": "absolute",
        }
      }
    >
      <View
        accessible={true}
        collapsable={false}
        focusable={true}
        onClick={[Function]}
        onResponderGrant={[Function]}
        onResponderMove={[Function]}
        onResponderRelease={[Function]}
        onResponderTerminate={[Function]}
        onResponderTerminationRequest={[Function]}
        onStartShouldSetResponder={[Function]}
        style={
          Object {
            "height": 49.14285714285714,
            "opacity": 1,
            "width": 24.57142857142857,
          }
        }
      />
      <View
        accessible={true}
        collapsable={false}
        focusable={true}
        onClick={[Function]}
        onResponderGrant={[Function]}
        onResponderMove={[Function]}
        onResponderRelease={[Function]}
        onResponderTerminate={[Function]}
        onResponderTerminationRequest={[Function]}
        onStartShouldSetResponder={[Function]}
        style={
          Object {
            "height": 49.14285714285714,
            "opacity": 1,
            "width": 24.57142857142857,
          }
        }
      />
    </View>
  </View>
  <View>
    <SvgMock
      height={40}
      name="emptystar"
      width={40}
    />
    <View
      style={
        Object {
          "flex": 1,
          "flexDirection": "row",
          "position": "absolute",
        }
      }
    >
      <View
        accessible={true}
        collapsable={false}
        focusable={true}
        onClick={[Function]}
        onResponderGrant={[Function]}
        onResponderMove={[Function]}
        onResponderRelease={[Function]}
        onResponderTerminate={[Function]}
        onResponderTerminationRequest={[Function]}
        onStartShouldSetResponder={[Function]}
        style={
          Object {
            "height": 49.14285714285714,
            "opacity": 1,
            "width": 24.57142857142857,
          }
        }
      />
      <View
        accessible={true}
        collapsable={false}
        focusable={true}
        onClick={[Function]}
        onResponderGrant={[Function]}
        onResponderMove={[Function]}
        onResponderRelease={[Function]}
        onResponderTerminate={[Function]}
        onResponderTerminationRequest={[Function]}
        onStartShouldSetResponder={[Function]}
        style={
          Object {
            "height": 49.14285714285714,
            "opacity": 1,
            "width": 24.57142857142857,
          }
        }
      />
    </View>
  </View>
  <View>
    <SvgMock
      height={40}
      name="emptystar"
      width={40}
    />
    <View
      style={
        Object {
          "flex": 1,
          "flexDirection": "row",
          "position": "absolute",
        }
      }
    >
      <View
        accessible={true}
        collapsable={false}
        focusable={true}
        onClick={[Function]}
        onResponderGrant={[Function]}
        onResponderMove={[Function]}
        onResponderRelease={[Function]}
        onResponderTerminate={[Function]}
        onResponderTerminationRequest={[Function]}
        onStartShouldSetResponder={[Function]}
        style={
          Object {
            "height": 49.14285714285714,
            "opacity": 1,
            "width": 24.57142857142857,
          }
        }
      />
      <View
        accessible={true}
        collapsable={false}
        focusable={true}
        onClick={[Function]}
        onResponderGrant={[Function]}
        onResponderMove={[Function]}
        onResponderRelease={[Function]}
        onResponderTerminate={[Function]}
        onResponderTerminationRequest={[Function]}
        onStartShouldSetResponder={[Function]}
        style={
          Object {
            "height": 49.14285714285714,
            "opacity": 1,
            "width": 24.57142857142857,
          }
        }
      />
    </View>
  </View>
  <View>
    <SvgMock
      height={40}
      name="emptystar"
      width={40}
    />
    <View
      style={
        Object {
          "flex": 1,
          "flexDirection": "row",
          "position": "absolute",
        }
      }
    >
      <View
        accessible={true}
        collapsable={false}
        focusable={true}
        onClick={[Function]}
        onResponderGrant={[Function]}
        onResponderMove={[Function]}
        onResponderRelease={[Function]}
        onResponderTerminate={[Function]}
        onResponderTerminationRequest={[Function]}
        onStartShouldSetResponder={[Function]}
        style={
          Object {
            "height": 49.14285714285714,
            "opacity": 1,
            "width": 24.57142857142857,
          }
        }
      />
      <View
        accessible={true}
        collapsable={false}
        focusable={true}
        onClick={[Function]}
        onResponderGrant={[Function]}
        onResponderMove={[Function]}
        onResponderRelease={[Function]}
        onResponderTerminate={[Function]}
        onResponderTerminationRequest={[Function]}
        onStartShouldSetResponder={[Function]}
        style={
          Object {
            "height": 49.14285714285714,
            "opacity": 1,
            "width": 24.57142857142857,
          }
        }
      />
    </View>
  </View>
  <Text
    style={
      Array [
        Object {
          "fontFamily": "Mulish-Regular",
          "fontSize": 24.57142857142857,
          "fontWeight": "normal",
        },
        Object {
          "color": "#231F20",
        },
        Object {
          "textAlign": "left",
        },
        Object {
          "margin": 12.285714285714285,
          "textAlign": "left",
        },
      ]
    }
  >
    2 / 6
  </Text>
</View>
`;
