// Jest Snapshot v1, https://goo.gl/fbAQLP

exports[`renders correctly with default prop 1`] = `
<RCTScrollView
  ListHeaderComponent={
    <React.Fragment>
      <withTheme(Typography)
        fontSize={12}
      >
        Virutalized List
      </withTheme(Typography)>
      <withTheme(AButton)
        borderRadius={49}
        color="#007BC1"
        onPress={[Function]}
        title="Simple Button"
        width={290}
      />
    </React.Fragment>
  }
  bounces={false}
  data={Array []}
  getItem={[Function]}
  getItemCount={[Function]}
  keyExtractor={[Function]}
  onContentSizeChange={[Function]}
  onLayout={[Function]}
  onMomentumScrollBegin={[Function]}
  onMomentumScrollEnd={[Function]}
  onScroll={[Function]}
  onScrollBeginDrag={[Function]}
  onScrollEndDrag={[Function]}
  removeClippedSubviews={false}
  renderItem={[Function]}
  scrollEventThrottle={50}
  showsVerticalScrollIndicator={false}
  stickyHeaderIndices={Array []}
  viewabilityConfigCallbackPairs={Array []}
>
  <View>
    <View
      onLayout={[Function]}
    >
      <Text
        style={
          Array [
            Object {
              "fontFamily": "Mulish-Regular",
              "fontSize": 14.742857142857144,
              "fontWeight": "normal",
            },
            Object {
              "color": "#000",
            },
            Object {
              "textAlign": "left",
            },
            undefined,
          ]
        }
        theme={
          Object {
            "colors": Object {
              "background": "#FFF",
              "backgroundLayout": "rgba(0, 0, 0, 0.8)",
              "black": "#000",
              "error": "#B00020",
              "greyOpac10": "rgba(53, 53, 53, 0.1)",
              "greyOpac50": "rgba(53, 53, 53, 0.5)",
              "lightgrey": "#D7D7D7",
              "linkColor": "#0000EE",
              "primary": "#FAD000",
              "primaryVariant": "#3700B3",
              "secondary": "#03DAC6",
              "secondaryVariant": "#018786",
              "shadowColor": "#222",
              "textColor": "#000",
              "transparent": "transparent",
              "white": "#FFF",
            },
            "dark": false,
          }
        }
      >
        Virutalized List
      </Text>
      <View
        accessibilityState={
          Object {
            "disabled": false,
          }
        }
        accessible={true}
        collapsable={false}
        focusable={true}
        onClick={[Function]}
        onResponderGrant={[Function]}
        onResponderMove={[Function]}
        onResponderRelease={[Function]}
        onResponderTerminate={[Function]}
        onResponderTerminationRequest={[Function]}
        onStartShouldSetResponder={[Function]}
        style={
          Object {
            "alignItems": "center",
            "backgroundColor": "#FAD000",
            "borderColor": undefined,
            "borderRadius": 49,
            "borderWidth": undefined,
            "flexDirection": "row",
            "height": 61.42857142857143,
            "justifyContent": "center",
            "margin": 2.4571428571428573,
            "opacity": 1,
            "textAlign": "center",
            "width": 356.2857142857143,
          }
        }
      >
        <Text
          style={
            Array [
              Object {
                "fontFamily": "Mulish-Bold",
                "fontSize": 21.13142857142857,
                "fontWeight": "bold",
              },
              Object {
                "color": "#007BC1",
              },
              Object {
                "textAlign": "left",
              },
              Object {
                "alignItems": "center",
                "fontFamily": undefined,
                "fontSize": 18,
                "fontWeight": undefined,
                "padding": 12.285714285714285,
                "textAlign": "center",
                "textDecorationLine": undefined,
              },
            ]
          }
          theme={
            Object {
              "colors": Object {
                "background": "#FFF",
                "backgroundLayout": "rgba(0, 0, 0, 0.8)",
                "black": "#000",
                "error": "#B00020",
                "greyOpac10": "rgba(53, 53, 53, 0.1)",
                "greyOpac50": "rgba(53, 53, 53, 0.5)",
                "lightgrey": "#D7D7D7",
                "linkColor": "#0000EE",
                "primary": "#FAD000",
                "primaryVariant": "#3700B3",
                "secondary": "#03DAC6",
                "secondaryVariant": "#018786",
                "shadowColor": "#222",
                "textColor": "#000",
                "transparent": "transparent",
                "white": "#FFF",
              },
              "dark": false,
            }
          }
        >
          Simple Button
        </Text>
      </View>
    </View>
  </View>
</RCTScrollView>
`;
